 
 -------------- celery@golubev-BMH-WCX9 v5.6.3 (recovery)
--- ***** ----- 
-- ******* ---- Linux-6.8.0-110-generic-x86_64-with-glibc2.39 2026-04-26 18:58:27
- *** --- * --- 
- ** ---------- [config]
- ** ---------- .> app:         __main__:0x711bd5ed1310
- ** ---------- .> transport:   amqp://celery_demo:**@localhost:5672//
- ** ---------- .> results:     disabled://
- *** --- * --- .> concurrency: {min=4, max=8} (prefork)
-- ******* ---- .> task events: OFF (enable -E to monitor tasks in this worker)
--- ***** ----- 
 -------------- [queues]
                .> celery           exchange=celery(direct) key=celery
                

[tasks]
  . cpu_intensive
  . memory_intensive

[2026-04-26 18:58:27,324: INFO/MainProcess] Connected to amqp://celery_demo:**@127.0.0.1:5672//
[2026-04-26 18:58:27,329: INFO/MainProcess] mingle: searching for neighbors
[2026-04-26 18:58:28,355: INFO/MainProcess] mingle: all alone
[2026-04-26 18:58:28,379: INFO/MainProcess] celery@golubev-BMH-WCX9 ready.
[2026-04-26 18:58:28,380: INFO/MainProcess] Task cpu_intensive[89811bd8-b20d-4c35-b41d-0e46063300ad] received
[2026-04-26 18:58:28,381: INFO/MainProcess] Task cpu_intensive[d60e3d12-f302-4031-b457-a3f5aec00fef] received
[2026-04-26 18:58:28,381: INFO/MainProcess] Task memory_intensive[11015e9d-d290-44bc-975f-37367f3936b4] received
[2026-04-26 18:58:28,381: INFO/MainProcess] Task cpu_intensive[d5c2d3cf-865e-4849-91b3-1b68d53e4220] received
[2026-04-26 18:58:28,382: INFO/MainProcess] Task cpu_intensive[5dac27cf-75b2-4b86-97dd-dd68be17f8fe] received
[2026-04-26 18:58:28,382: INFO/MainProcess] Scaling up 1 processes.
[2026-04-26 18:58:28,424: INFO/MainProcess] Task memory_intensive[f39b6170-d9a7-4d3e-aa88-3f9d3ca79da4] received
[2026-04-26 18:58:28,425: INFO/MainProcess] Scaling up 1 processes.
[2026-04-26 18:58:28,469: INFO/MainProcess] Task cpu_intensive[80964a43-3c6f-43cb-bd67-3cde27ce76fb] received
[2026-04-26 18:58:28,470: INFO/MainProcess] Scaling up 1 processes.
[2026-04-26 18:58:28,514: INFO/MainProcess] Task cpu_intensive[e6fe80d6-6f02-413e-b81c-f9f364a238bf] received
[2026-04-26 18:58:28,514: INFO/MainProcess] Scaling up 1 processes.
[2026-04-26 18:58:30,847: INFO/ForkPoolWorker-7] Task memory_intensive[f39b6170-d9a7-4d3e-aa88-3f9d3ca79da4] succeeded in 2.179052032006439s: 'Memory wave: released'
[2026-04-26 18:58:30,850: INFO/ForkPoolWorker-6] Task memory_intensive[11015e9d-d290-44bc-975f-37367f3936b4] succeeded in 2.1870122569962405s: 'Memory wave: released'
[2026-04-26 18:58:30,854: INFO/MainProcess] Task memory_intensive[7b90e8fa-8848-4471-8d09-3c84de98d7aa] received
[2026-04-26 18:58:30,866: INFO/MainProcess] Task cpu_intensive[9dd5cd6a-04ac-4ef3-a394-7120146b444d] received
[2026-04-26 18:58:32,163: INFO/ForkPoolWorker-4] Task cpu_intensive[80964a43-3c6f-43cb-bd67-3cde27ce76fb] succeeded in 3.492435417996603s: 333333283333335000000
[2026-04-26 18:58:32,165: INFO/MainProcess] Task cpu_intensive[764ae200-6244-4dda-8e66-789f794049ba] received
[2026-04-26 18:58:32,577: INFO/ForkPoolWorker-5] Task cpu_intensive[89811bd8-b20d-4c35-b41d-0e46063300ad] succeeded in 3.9163688169937814s: 333333283333335000000
[2026-04-26 18:58:32,581: INFO/MainProcess] Task memory_intensive[d25586e5-c0cb-4fe1-8d90-41961310ba98] received
[2026-04-26 18:58:32,600: INFO/ForkPoolWorker-1] Task cpu_intensive[d60e3d12-f302-4031-b457-a3f5aec00fef] succeeded in 3.9380438740045065s: 333333283333335000000
[2026-04-26 18:58:32,601: INFO/ForkPoolWorker-3] Task cpu_intensive[5dac27cf-75b2-4b86-97dd-dd68be17f8fe] succeeded in 3.936528902995633s: 333333283333335000000
[2026-04-26 18:58:32,605: INFO/MainProcess] Task cpu_intensive[5796ee4a-2382-4dfe-8def-945c4a479f4f] received
[2026-04-26 18:58:32,606: INFO/MainProcess] Task cpu_intensive[3c96cb87-b177-44b5-a87d-21d5d9e5166a] received
[2026-04-26 18:58:32,800: INFO/ForkPoolWorker-6] Task memory_intensive[7b90e8fa-8848-4471-8d09-3c84de98d7aa] succeeded in 1.9319545350008411s: 'Memory wave: released'
[2026-04-26 18:58:32,808: INFO/MainProcess] Task memory_intensive[4c64014d-ffa7-4985-8e8b-452da5e42053] received
[2026-04-26 18:58:32,916: INFO/ForkPoolWorker-2] Task cpu_intensive[d5c2d3cf-865e-4849-91b3-1b68d53e4220] succeeded in 4.25235750900174s: 333333283333335000000
[2026-04-26 18:58:32,918: INFO/MainProcess] Task cpu_intensive[9762fed3-93d2-4564-82f9-e803e019e4e3] received
[2026-04-26 18:58:32,957: INFO/ForkPoolWorker-8] Task cpu_intensive[e6fe80d6-6f02-413e-b81c-f9f364a238bf] succeeded in 4.283647089992883s: 333333283333335000000
[2026-04-26 18:58:32,959: INFO/MainProcess] Task cpu_intensive[2745f6f0-a928-449c-ba53-9033e51f7434] received
[2026-04-26 18:58:34,486: INFO/ForkPoolWorker-7] Task cpu_intensive[9dd5cd6a-04ac-4ef3-a394-7120146b444d] succeeded in 3.6147759140003473s: 333333283333335000000
[2026-04-26 18:58:34,490: INFO/MainProcess] Task memory_intensive[f2bfdefb-5d1b-49e2-9ea7-2f355abfff07] received
[2026-04-26 18:58:34,692: INFO/ForkPoolWorker-5] Task memory_intensive[d25586e5-c0cb-4fe1-8d90-41961310ba98] succeeded in 2.110035710997181s: 'Memory wave: released'
[2026-04-26 18:58:34,696: INFO/MainProcess] Task cpu_intensive[932fdcb2-f0bf-4882-9737-f44a2e7b6cf9] received
[2026-04-26 18:58:34,707: INFO/ForkPoolWorker-6] Task memory_intensive[4c64014d-ffa7-4985-8e8b-452da5e42053] succeeded in 1.8921045699971728s: 'Memory wave: released'
[2026-04-26 18:58:34,709: INFO/MainProcess] Task cpu_intensive[ea885513-8f27-4978-897a-bb916c6c67a0] received
[2026-04-26 18:58:35,264: INFO/ForkPoolWorker-2] Task cpu_intensive[9762fed3-93d2-4564-82f9-e803e019e4e3] succeeded in 2.3413500480091898s: 333333283333335000000
[2026-04-26 18:58:35,265: INFO/MainProcess] Task memory_intensive[83f80380-ab25-4988-86a1-41c25462fbfe] received
[2026-04-26 18:58:35,273: INFO/ForkPoolWorker-3] Task cpu_intensive[3c96cb87-b177-44b5-a87d-21d5d9e5166a] succeeded in 2.662198402991635s: 333333283333335000000
[2026-04-26 18:58:35,274: INFO/MainProcess] Task cpu_intensive[27081648-f989-4a96-a468-2ea88d6eee2c] received
[2026-04-26 18:58:35,538: INFO/ForkPoolWorker-4] Task cpu_intensive[764ae200-6244-4dda-8e66-789f794049ba] succeeded in 3.3717418710002676s: 333333283333335000000
[2026-04-26 18:58:35,539: INFO/MainProcess] Task cpu_intensive[767a8be1-1320-473c-9500-bcf248ab5abb] received
[2026-04-26 18:58:35,835: INFO/ForkPoolWorker-1] Task cpu_intensive[5796ee4a-2382-4dfe-8def-945c4a479f4f] succeeded in 3.229115837995778s: 333333283333335000000
[2026-04-26 18:58:35,836: INFO/MainProcess] Task memory_intensive[04043c3a-335e-4898-b6f6-852fb34fdbef] received
[2026-04-26 18:58:35,908: INFO/ForkPoolWorker-8] Task cpu_intensive[2745f6f0-a928-449c-ba53-9033e51f7434] succeeded in 2.9476162460050546s: 333333283333335000000
[2026-04-26 18:58:35,909: INFO/MainProcess] Task cpu_intensive[5b8dfcb1-1e07-492b-a6ef-ebe660b1ef68] received
[2026-04-26 18:58:36,276: INFO/ForkPoolWorker-7] Task memory_intensive[f2bfdefb-5d1b-49e2-9ea7-2f355abfff07] succeeded in 1.785161497988156s: 'Memory wave: released'
[2026-04-26 18:58:36,277: INFO/MainProcess] Task cpu_intensive[1c729e96-a77b-4576-a298-907a50cc43e1] received
[2026-04-26 18:58:36,609: INFO/ForkPoolWorker-5] Task cpu_intensive[932fdcb2-f0bf-4882-9737-f44a2e7b6cf9] succeeded in 1.9125201099959668s: 333333283333335000000
[2026-04-26 18:58:36,611: INFO/MainProcess] Task memory_intensive[a9cad337-2d1b-4e76-b4fe-f9784b894218] received
[2026-04-26 18:58:36,775: INFO/ForkPoolWorker-6] Task cpu_intensive[ea885513-8f27-4978-897a-bb916c6c67a0] succeeded in 2.0625169499980984s: 333333283333335000000
[2026-04-26 18:58:36,776: INFO/MainProcess] Task cpu_intensive[d763aa21-76b7-40f4-83e6-b13429a1be16] received
[2026-04-26 18:58:37,015: INFO/ForkPoolWorker-3] Task cpu_intensive[27081648-f989-4a96-a468-2ea88d6eee2c] succeeded in 1.73754441201163s: 333333283333335000000
[2026-04-26 18:58:37,016: INFO/MainProcess] Task cpu_intensive[dbfd1b76-9463-4201-9898-04390a93e4ea] received
[2026-04-26 18:58:37,075: INFO/ForkPoolWorker-2] Task memory_intensive[83f80380-ab25-4988-86a1-41c25462fbfe] succeeded in 1.8090821530058747s: 'Memory wave: released'
[2026-04-26 18:58:37,076: INFO/MainProcess] Task memory_intensive[dce48de8-0d7f-4d9e-9ddd-3410196eba65] received
[2026-04-26 18:58:37,329: INFO/ForkPoolWorker-4] Task cpu_intensive[767a8be1-1320-473c-9500-bcf248ab5abb] succeeded in 1.7886300539976219s: 333333283333335000000
[2026-04-26 18:58:37,330: INFO/MainProcess] Task cpu_intensive[3182691c-b1d2-4ab2-91d3-99283ca3f5e1] received
[2026-04-26 18:58:37,700: INFO/ForkPoolWorker-1] Task memory_intensive[04043c3a-335e-4898-b6f6-852fb34fdbef] succeeded in 1.8635614460072247s: 'Memory wave: released'
[2026-04-26 18:58:37,702: INFO/MainProcess] Task cpu_intensive[3b4fb110-06aa-439c-8286-f04fc91606ea] received
[2026-04-26 18:58:37,944: INFO/ForkPoolWorker-8] Task cpu_intensive[5b8dfcb1-1e07-492b-a6ef-ebe660b1ef68] succeeded in 2.0347830039972905s: 333333283333335000000
[2026-04-26 18:58:37,945: INFO/MainProcess] Task memory_intensive[3fcbc9c3-a7a1-468f-b36c-756bd139c228] received
[2026-04-26 18:58:38,327: INFO/ForkPoolWorker-5] Task memory_intensive[a9cad337-2d1b-4e76-b4fe-f9784b894218] succeeded in 1.7155592779890867s: 'Memory wave: released'
[2026-04-26 18:58:38,328: INFO/MainProcess] Task cpu_intensive[6020a61a-d1df-4e73-b114-44b2d6628688] received
[2026-04-26 18:58:38,338: INFO/ForkPoolWorker-7] Task cpu_intensive[1c729e96-a77b-4576-a298-907a50cc43e1] succeeded in 2.0566943060111953s: 333333283333335000000
[2026-04-26 18:58:38,339: INFO/MainProcess] Task cpu_intensive[6d2bb28c-e85e-4eb9-a13b-13d83ab37ffa] received
[2026-04-26 18:58:38,587: INFO/ForkPoolWorker-6] Task cpu_intensive[d763aa21-76b7-40f4-83e6-b13429a1be16] succeeded in 1.810469383999589s: 333333283333335000000
[2026-04-26 18:58:38,588: INFO/MainProcess] Task memory_intensive[0e5002c4-730b-4ac5-90f6-daf497291f52] received
[2026-04-26 18:58:38,816: INFO/ForkPoolWorker-2] Task memory_intensive[dce48de8-0d7f-4d9e-9ddd-3410196eba65] succeeded in 1.7395615879941033s: 'Memory wave: released'
[2026-04-26 18:58:38,817: INFO/MainProcess] Task cpu_intensive[61306793-24e2-4b42-b2d8-87b954dc799d] received
[2026-04-26 18:58:38,923: INFO/ForkPoolWorker-3] Task cpu_intensive[dbfd1b76-9463-4201-9898-04390a93e4ea] succeeded in 1.906189910005196s: 333333283333335000000
[2026-04-26 18:58:38,924: INFO/MainProcess] Task cpu_intensive[f631ee70-4f1f-41a2-a9f2-284b4dd4951d] received
[2026-04-26 18:58:39,156: INFO/ForkPoolWorker-4] Task cpu_intensive[3182691c-b1d2-4ab2-91d3-99283ca3f5e1] succeeded in 1.8256928740011062s: 333333283333335000000
[2026-04-26 18:58:39,158: INFO/MainProcess] Task memory_intensive[f10e4b3f-3bad-4866-9080-836b4a2c1976] received
[2026-04-26 18:58:39,698: INFO/ForkPoolWorker-1] Task cpu_intensive[3b4fb110-06aa-439c-8286-f04fc91606ea] succeeded in 1.9922787089890335s: 333333283333335000000
[2026-04-26 18:58:39,709: INFO/MainProcess] Task cpu_intensive[49da6710-9b61-4477-a6f7-127fe1f10fc3] received
[2026-04-26 18:58:39,746: INFO/ForkPoolWorker-8] Task memory_intensive[3fcbc9c3-a7a1-468f-b36c-756bd139c228] succeeded in 1.7970840760099236s: 'Memory wave: released'
[2026-04-26 18:58:39,748: INFO/MainProcess] Task cpu_intensive[6bfb6b13-25e6-4dc5-b87f-b950301405f0] received
[2026-04-26 18:58:40,045: INFO/ForkPoolWorker-5] Task cpu_intensive[6020a61a-d1df-4e73-b114-44b2d6628688] succeeded in 1.7161892330041155s: 333333283333335000000
[2026-04-26 18:58:40,046: INFO/MainProcess] Task memory_intensive[e49bee10-38d3-424d-9c02-c8529258b596] received
[2026-04-26 18:58:40,136: INFO/ForkPoolWorker-7] Task cpu_intensive[6d2bb28c-e85e-4eb9-a13b-13d83ab37ffa] succeeded in 1.7971552979870467s: 333333283333335000000
[2026-04-26 18:58:40,138: INFO/MainProcess] Task cpu_intensive[b59718dc-9bda-47cc-89f0-534158cbde68] received
[2026-04-26 18:58:40,356: INFO/ForkPoolWorker-6] Task memory_intensive[0e5002c4-730b-4ac5-90f6-daf497291f52] succeeded in 1.7671572609979194s: 'Memory wave: released'
[2026-04-26 18:58:40,364: INFO/MainProcess] Task cpu_intensive[eb369904-d28a-4b49-a50b-e8e5ee2a1532] received
[2026-04-26 18:58:40,661: INFO/ForkPoolWorker-2] Task cpu_intensive[61306793-24e2-4b42-b2d8-87b954dc799d] succeeded in 1.8438971569994465s: 333333283333335000000
[2026-04-26 18:58:40,663: INFO/MainProcess] Task memory_intensive[8677f1e7-7df2-43b4-a25e-d02b2d6771c3] received
[2026-04-26 18:58:40,994: INFO/ForkPoolWorker-4] Task memory_intensive[f10e4b3f-3bad-4866-9080-836b4a2c1976] succeeded in 1.8354791900055716s: 'Memory wave: released'
[2026-04-26 18:58:40,995: INFO/MainProcess] Task cpu_intensive[1a426325-66ec-4572-b7b9-1e08581183cc] received
[2026-04-26 18:58:41,055: INFO/ForkPoolWorker-3] Task cpu_intensive[f631ee70-4f1f-41a2-a9f2-284b4dd4951d] succeeded in 2.1265046220069053s: 333333283333335000000
[2026-04-26 18:58:41,056: INFO/MainProcess] Task cpu_intensive[5e41d018-57e4-46d8-a134-915d715df3d8] received
[2026-04-26 18:58:41,643: INFO/ForkPoolWorker-1] Task cpu_intensive[49da6710-9b61-4477-a6f7-127fe1f10fc3] succeeded in 1.9330147650034633s: 333333283333335000000
[2026-04-26 18:58:41,645: INFO/MainProcess] Task memory_intensive[036faac9-bebe-452a-a5c9-57b8313f70f5] received
[2026-04-26 18:58:41,789: INFO/ForkPoolWorker-5] Task memory_intensive[e49bee10-38d3-424d-9c02-c8529258b596] succeeded in 1.7426849820039934s: 'Memory wave: released'
[2026-04-26 18:58:41,791: INFO/MainProcess] Task cpu_intensive[9a7c3fb1-2c07-4b4e-a43b-9708fbd5704d] received
[2026-04-26 18:58:41,800: INFO/ForkPoolWorker-8] Task cpu_intensive[6bfb6b13-25e6-4dc5-b87f-b950301405f0] succeeded in 2.0519799979956588s: 333333283333335000000
[2026-04-26 18:58:41,801: INFO/MainProcess] Task cpu_intensive[65a245ca-1861-4da1-8720-af7b801479ea] received
[2026-04-26 18:58:42,008: INFO/ForkPoolWorker-7] Task cpu_intensive[b59718dc-9bda-47cc-89f0-534158cbde68] succeeded in 1.8671156839991454s: 333333283333335000000
[2026-04-26 18:58:42,013: INFO/MainProcess] Task memory_intensive[7a950128-9552-4c55-aa09-68e88447d843] received
[2026-04-26 18:58:42,265: INFO/ForkPoolWorker-6] Task cpu_intensive[eb369904-d28a-4b49-a50b-e8e5ee2a1532] succeeded in 1.9008011070109205s: 333333283333335000000
[2026-04-26 18:58:42,267: INFO/MainProcess] Task cpu_intensive[a55f2af5-6248-4d14-a33e-df2f04baa579] received
[2026-04-26 18:58:42,422: INFO/ForkPoolWorker-2] Task memory_intensive[8677f1e7-7df2-43b4-a25e-d02b2d6771c3] succeeded in 1.758121132006636s: 'Memory wave: released'
[2026-04-26 18:58:42,423: INFO/MainProcess] Task cpu_intensive[25aab8da-ed3a-4fd5-89f5-87feb0b7e2ad] received
[2026-04-26 18:58:42,777: INFO/ForkPoolWorker-3] Task cpu_intensive[5e41d018-57e4-46d8-a134-915d715df3d8] succeeded in 1.720327132003149s: 333333283333335000000
[2026-04-26 18:58:42,778: INFO/MainProcess] Task memory_intensive[2df5b87c-8c5b-42a3-8382-7abf1bcebf9d] received
[2026-04-26 18:58:42,837: INFO/ForkPoolWorker-4] Task cpu_intensive[1a426325-66ec-4572-b7b9-1e08581183cc] succeeded in 1.8404455639974913s: 333333283333335000000
[2026-04-26 18:58:42,838: INFO/MainProcess] Task cpu_intensive[b9eb56cd-34aa-40be-994f-6004f30768fd] received
[2026-04-26 18:58:43,421: INFO/ForkPoolWorker-1] Task memory_intensive[036faac9-bebe-452a-a5c9-57b8313f70f5] succeeded in 1.7721854650008027s: 'Memory wave: released'
[2026-04-26 18:58:43,422: INFO/MainProcess] Task cpu_intensive[142566a6-9a60-4b89-b0b2-27b445731437] received
[2026-04-26 18:58:43,733: INFO/ForkPoolWorker-5] Task cpu_intensive[9a7c3fb1-2c07-4b4e-a43b-9708fbd5704d] succeeded in 1.9424413170054322s: 333333283333335000000
[2026-04-26 18:58:43,742: INFO/MainProcess] Task memory_intensive[4d2bc2ed-dade-44d4-8701-022293a941d9] received
[2026-04-26 18:58:43,763: INFO/ForkPoolWorker-8] Task cpu_intensive[65a245ca-1861-4da1-8720-af7b801479ea] succeeded in 1.9614488289953442s: 333333283333335000000
[2026-04-26 18:58:43,764: INFO/MainProcess] Task cpu_intensive[414cd7fa-bf37-430f-ad28-951374cb9ad3] received
[2026-04-26 18:58:43,770: INFO/ForkPoolWorker-7] Task memory_intensive[7a950128-9552-4c55-aa09-68e88447d843] succeeded in 1.7564869549969444s: 'Memory wave: released'
[2026-04-26 18:58:43,771: INFO/MainProcess] Task cpu_intensive[b79c17af-3fa5-491f-a4ce-87f4f6bf0bf1] received
[2026-04-26 18:58:44,204: INFO/ForkPoolWorker-6] Task cpu_intensive[a55f2af5-6248-4d14-a33e-df2f04baa579] succeeded in 1.936768193001626s: 333333283333335000000
[2026-04-26 18:58:44,206: INFO/MainProcess] Task memory_intensive[e7dee5cc-2631-414e-8379-0218fa918a09] received
[2026-04-26 18:58:44,476: INFO/ForkPoolWorker-2] Task cpu_intensive[25aab8da-ed3a-4fd5-89f5-87feb0b7e2ad] succeeded in 2.052755854005227s: 333333283333335000000
[2026-04-26 18:58:44,477: INFO/MainProcess] Task cpu_intensive[cd79a0eb-0470-48de-92d0-b669ca6a3d42] received
[2026-04-26 18:58:44,641: INFO/ForkPoolWorker-3] Task memory_intensive[2df5b87c-8c5b-42a3-8382-7abf1bcebf9d] succeeded in 1.862039100000402s: 'Memory wave: released'
[2026-04-26 18:58:44,645: INFO/MainProcess] Task cpu_intensive[68b9172f-0da2-43cc-a6fb-b3b857f8f63f] received
[2026-04-26 18:58:44,930: INFO/ForkPoolWorker-4] Task cpu_intensive[b9eb56cd-34aa-40be-994f-6004f30768fd] succeeded in 2.092182951004361s: 333333283333335000000
[2026-04-26 18:58:44,932: INFO/MainProcess] Task memory_intensive[7a01091a-28c4-4369-bd1c-ee64e6547090] received
[2026-04-26 18:58:45,190: INFO/ForkPoolWorker-1] Task cpu_intensive[142566a6-9a60-4b89-b0b2-27b445731437] succeeded in 1.766976163999061s: 333333283333335000000
[2026-04-26 18:58:45,191: INFO/MainProcess] Task cpu_intensive[7150e5fd-52e8-451d-8216-641b540c79bb] received
[2026-04-26 18:58:45,458: INFO/ForkPoolWorker-5] Task memory_intensive[4d2bc2ed-dade-44d4-8701-022293a941d9] succeeded in 1.7159655799914617s: 'Memory wave: released'
[2026-04-26 18:58:45,460: INFO/MainProcess] Task cpu_intensive[3c140d17-569f-4719-8a55-528cc0d41669] received
[2026-04-26 18:58:45,479: INFO/ForkPoolWorker-7] Task cpu_intensive[b79c17af-3fa5-491f-a4ce-87f4f6bf0bf1] succeeded in 1.7079655480047222s: 333333283333335000000
[2026-04-26 18:58:45,481: INFO/MainProcess] Task memory_intensive[d7cf4d94-50ef-40c8-a8dd-eb64f0807116] received
[2026-04-26 18:58:45,621: INFO/ForkPoolWorker-8] Task cpu_intensive[414cd7fa-bf37-430f-ad28-951374cb9ad3] succeeded in 1.8535937940032454s: 333333283333335000000
[2026-04-26 18:58:45,622: INFO/MainProcess] Task cpu_intensive[21a24d43-5ee8-433f-9229-0411c83687f2] received
[2026-04-26 18:58:45,961: INFO/ForkPoolWorker-6] Task memory_intensive[e7dee5cc-2631-414e-8379-0218fa918a09] succeeded in 1.7547511989978375s: 'Memory wave: released'
[2026-04-26 18:58:45,962: INFO/MainProcess] Task cpu_intensive[ff811f1d-bb7e-44dc-863b-75298f804b90] received
[2026-04-26 18:58:46,353: INFO/ForkPoolWorker-2] Task cpu_intensive[cd79a0eb-0470-48de-92d0-b669ca6a3d42] succeeded in 1.8755994329985697s: 333333283333335000000
[2026-04-26 18:58:46,355: INFO/MainProcess] Task memory_intensive[b906d666-4f43-4063-bf0d-b454ef592bff] received
[2026-04-26 18:58:46,704: INFO/ForkPoolWorker-4] Task memory_intensive[7a01091a-28c4-4369-bd1c-ee64e6547090] succeeded in 1.771890664997045s: 'Memory wave: released'
[2026-04-26 18:58:46,706: INFO/MainProcess] Task cpu_intensive[e4a98baa-187f-49bf-a46d-3fc467c8f47f] received
[2026-04-26 18:58:46,830: INFO/ForkPoolWorker-3] Task cpu_intensive[68b9172f-0da2-43cc-a6fb-b3b857f8f63f] succeeded in 2.1846491809992585s: 333333283333335000000
[2026-04-26 18:58:46,832: INFO/MainProcess] Task cpu_intensive[f36ef5b8-e193-4969-aa3d-9ae62589b0d2] received
[2026-04-26 18:58:47,026: INFO/ForkPoolWorker-1] Task cpu_intensive[7150e5fd-52e8-451d-8216-641b540c79bb] succeeded in 1.833964923993335s: 333333283333335000000
[2026-04-26 18:58:47,027: INFO/MainProcess] Task memory_intensive[ddb8d84f-af8d-42e9-b45e-eeace49a98b3] received
[2026-04-26 18:58:47,230: INFO/ForkPoolWorker-5] Task cpu_intensive[3c140d17-569f-4719-8a55-528cc0d41669] succeeded in 1.7702440970024327s: 333333283333335000000
[2026-04-26 18:58:47,239: INFO/MainProcess] Task cpu_intensive[67185957-8126-42fa-83cf-59173327d0fb] received
[2026-04-26 18:58:47,248: INFO/ForkPoolWorker-7] Task memory_intensive[d7cf4d94-50ef-40c8-a8dd-eb64f0807116] succeeded in 1.7668778780061984s: 'Memory wave: released'
[2026-04-26 18:58:47,252: INFO/MainProcess] Task cpu_intensive[f93d26ac-7cb6-4687-9239-250a4ab70897] received
[2026-04-26 18:58:47,839: INFO/ForkPoolWorker-8] Task cpu_intensive[21a24d43-5ee8-433f-9229-0411c83687f2] succeeded in 2.2167528919962933s: 333333283333335000000
[2026-04-26 18:58:47,841: INFO/MainProcess] Task memory_intensive[817b8b97-9cb8-473a-b220-6987e5f351f7] received
[2026-04-26 18:58:48,046: INFO/ForkPoolWorker-6] Task cpu_intensive[ff811f1d-bb7e-44dc-863b-75298f804b90] succeeded in 2.0826837119966513s: 333333283333335000000
[2026-04-26 18:58:48,053: INFO/MainProcess] Task cpu_intensive[0ff768a2-a257-4b82-b25b-99938460783a] received
[2026-04-26 18:58:48,087: INFO/ForkPoolWorker-2] Task memory_intensive[b906d666-4f43-4063-bf0d-b454ef592bff] succeeded in 1.7312169880024157s: 'Memory wave: released'
[2026-04-26 18:58:48,088: INFO/MainProcess] Task cpu_intensive[3793b86b-26c5-403d-aed8-bce4625cabb0] received
[2026-04-26 18:58:48,461: INFO/ForkPoolWorker-4] Task cpu_intensive[e4a98baa-187f-49bf-a46d-3fc467c8f47f] succeeded in 1.7516698190011084s: 333333283333335000000
[2026-04-26 18:58:48,462: INFO/MainProcess] Task memory_intensive[20d692d1-70b4-40d6-b43a-e47ba547676a] received
[2026-04-26 18:58:48,756: INFO/ForkPoolWorker-3] Task cpu_intensive[f36ef5b8-e193-4969-aa3d-9ae62589b0d2] succeeded in 1.9242202430032194s: 333333283333335000000
[2026-04-26 18:58:48,759: INFO/MainProcess] Task cpu_intensive[9e14da6e-c829-4870-af21-a88c37c3ffad] received
[2026-04-26 18:58:48,793: INFO/ForkPoolWorker-1] Task memory_intensive[ddb8d84f-af8d-42e9-b45e-eeace49a98b3] succeeded in 1.7628184290078934s: 'Memory wave: released'
[2026-04-26 18:58:48,795: INFO/MainProcess] Task cpu_intensive[00009790-8a1a-441a-9f97-cb1e734e5e0f] received
[2026-04-26 18:58:49,038: INFO/ForkPoolWorker-5] Task cpu_intensive[67185957-8126-42fa-83cf-59173327d0fb] succeeded in 1.798947973002214s: 333333283333335000000
[2026-04-26 18:58:49,043: INFO/MainProcess] Task memory_intensive[cabb5b2a-5d96-4308-b30a-6a6b807cc0d5] received
[2026-04-26 18:58:49,198: INFO/ForkPoolWorker-7] Task cpu_intensive[f93d26ac-7cb6-4687-9239-250a4ab70897] succeeded in 1.9446586840058444s: 333333283333335000000
[2026-04-26 18:58:49,199: INFO/MainProcess] Task cpu_intensive[bf71947b-96be-4646-8d7a-521668f6214d] received
[2026-04-26 18:58:49,559: INFO/ForkPoolWorker-8] Task memory_intensive[817b8b97-9cb8-473a-b220-6987e5f351f7] succeeded in 1.7178764380078064s: 'Memory wave: released'
[2026-04-26 18:58:49,560: INFO/MainProcess] Task cpu_intensive[5917e649-255d-4887-b696-93a3a2e2f5dd] received
[2026-04-26 18:58:49,788: INFO/ForkPoolWorker-6] Task cpu_intensive[0ff768a2-a257-4b82-b25b-99938460783a] succeeded in 1.7345754470006796s: 333333283333335000000
[2026-04-26 18:58:49,790: INFO/MainProcess] Task memory_intensive[ffc64422-075d-4c3a-9504-a883aa6614f1] received
[2026-04-26 18:58:49,875: INFO/ForkPoolWorker-2] Task cpu_intensive[3793b86b-26c5-403d-aed8-bce4625cabb0] succeeded in 1.7870173789997352s: 333333283333335000000
[2026-04-26 18:58:49,877: INFO/MainProcess] Task cpu_intensive[88837b9f-bf98-4364-8ce7-458b1bd0706b] received
[2026-04-26 18:58:50,227: INFO/ForkPoolWorker-4] Task memory_intensive[20d692d1-70b4-40d6-b43a-e47ba547676a] succeeded in 1.764318114001071s: 'Memory wave: released'
[2026-04-26 18:58:50,236: INFO/MainProcess] Task cpu_intensive[b7728b1c-592d-4ac5-9002-b06fb30e22ba] received
[2026-04-26 18:58:50,487: INFO/ForkPoolWorker-3] Task cpu_intensive[9e14da6e-c829-4870-af21-a88c37c3ffad] succeeded in 1.7277679759863531s: 333333283333335000000
[2026-04-26 18:58:50,489: INFO/MainProcess] Task memory_intensive[5f1ad02f-dcbf-424b-9845-9e4facc1599a] received
[2026-04-26 18:58:50,814: INFO/ForkPoolWorker-5] Task memory_intensive[cabb5b2a-5d96-4308-b30a-6a6b807cc0d5] succeeded in 1.7701910000032512s: 'Memory wave: released'
[2026-04-26 18:58:50,815: INFO/MainProcess] Task cpu_intensive[ce710202-981c-4fdd-98cb-3b7a572e2353] received
[2026-04-26 18:58:50,847: INFO/ForkPoolWorker-1] Task cpu_intensive[00009790-8a1a-441a-9f97-cb1e734e5e0f] succeeded in 2.0515950709959725s: 333333283333335000000
[2026-04-26 18:58:50,849: INFO/MainProcess] Task cpu_intensive[aaf2b6d5-af20-4d9c-a187-3fc3dfe71325] received
[2026-04-26 18:58:51,192: INFO/ForkPoolWorker-7] Task cpu_intensive[bf71947b-96be-4646-8d7a-521668f6214d] succeeded in 1.9926361410034588s: 333333283333335000000
[2026-04-26 18:58:51,194: INFO/MainProcess] Task memory_intensive[1e72f61c-2789-401b-ae39-7e69b2d36b5f] received
[2026-04-26 18:58:51,415: INFO/ForkPoolWorker-8] Task cpu_intensive[5917e649-255d-4887-b696-93a3a2e2f5dd] succeeded in 1.853993504002574s: 333333283333335000000
[2026-04-26 18:58:51,416: INFO/MainProcess] Task cpu_intensive[a101bd0f-d559-4efd-b637-92ed45eacbea] received
[2026-04-26 18:58:51,576: INFO/ForkPoolWorker-6] Task memory_intensive[ffc64422-075d-4c3a-9504-a883aa6614f1] succeeded in 1.7856257429957623s: 'Memory wave: released'
[2026-04-26 18:58:51,580: INFO/MainProcess] Task cpu_intensive[184c95b1-7ba0-4cfb-ae0c-bc35f14475b3] received
[2026-04-26 18:58:51,904: INFO/ForkPoolWorker-2] Task cpu_intensive[88837b9f-bf98-4364-8ce7-458b1bd0706b] succeeded in 2.0272181409964105s: 333333283333335000000
[2026-04-26 18:58:51,906: INFO/MainProcess] Task memory_intensive[f7807208-6b33-4329-99d0-6f906c82103b] received
[2026-04-26 18:58:52,037: INFO/ForkPoolWorker-4] Task cpu_intensive[b7728b1c-592d-4ac5-9002-b06fb30e22ba] succeeded in 1.8000255410006503s: 333333283333335000000
[2026-04-26 18:58:52,038: INFO/MainProcess] Task cpu_intensive[ec0157c0-7a18-4fe6-a263-b8f0b2f8d305] received
[2026-04-26 18:58:52,227: INFO/ForkPoolWorker-3] Task memory_intensive[5f1ad02f-dcbf-424b-9845-9e4facc1599a] succeeded in 1.7374654640007066s: 'Memory wave: released'
[2026-04-26 18:58:52,228: INFO/MainProcess] Task cpu_intensive[7b2a96ce-75ad-4116-8d59-a010e066dfae] received
[2026-04-26 18:58:52,573: INFO/ForkPoolWorker-5] Task cpu_intensive[ce710202-981c-4fdd-98cb-3b7a572e2353] succeeded in 1.7566164070012746s: 333333283333335000000
[2026-04-26 18:58:52,574: INFO/MainProcess] Task memory_intensive[1c6a1691-482c-40b2-bd5c-c811be0e2432] received
[2026-04-26 18:58:52,620: INFO/ForkPoolWorker-1] Task cpu_intensive[aaf2b6d5-af20-4d9c-a187-3fc3dfe71325] succeeded in 1.7681860259908717s: 333333283333335000000
[2026-04-26 18:58:52,622: INFO/MainProcess] Task cpu_intensive[87929dd7-1064-41e7-813e-6c8b9bf24ca5] received
[2026-04-26 18:58:52,955: INFO/ForkPoolWorker-7] Task memory_intensive[1e72f61c-2789-401b-ae39-7e69b2d36b5f] succeeded in 1.7609477279911516s: 'Memory wave: released'
[2026-04-26 18:58:52,956: INFO/MainProcess] Task cpu_intensive[c707c6fe-c106-4e72-a4df-f1ae36dbdded] received
[2026-04-26 18:58:53,213: INFO/ForkPoolWorker-8] Task cpu_intensive[a101bd0f-d559-4efd-b637-92ed45eacbea] succeeded in 1.7966380399884656s: 333333283333335000000
[2026-04-26 18:58:53,215: INFO/MainProcess] Task memory_intensive[373c9500-7343-46f2-9ef2-3d74e563a8bf] received
[2026-04-26 18:58:53,661: INFO/ForkPoolWorker-2] Task memory_intensive[f7807208-6b33-4329-99d0-6f906c82103b] succeeded in 1.7546550429979106s: 'Memory wave: released'
[2026-04-26 18:58:53,662: INFO/MainProcess] Task cpu_intensive[babc7970-60d1-4822-ae04-b5d351c9845e] received
[2026-04-26 18:58:53,666: INFO/ForkPoolWorker-6] Task cpu_intensive[184c95b1-7ba0-4cfb-ae0c-bc35f14475b3] succeeded in 2.0853863730008015s: 333333283333335000000
[2026-04-26 18:58:53,667: INFO/MainProcess] Task cpu_intensive[a7cbb2da-f888-42e2-aad1-62a0fa6594be] received
[2026-04-26 18:58:53,866: INFO/ForkPoolWorker-4] Task cpu_intensive[ec0157c0-7a18-4fe6-a263-b8f0b2f8d305] succeeded in 1.8277582839946263s: 333333283333335000000
[2026-04-26 18:58:53,868: INFO/MainProcess] Task memory_intensive[6e53405c-5b04-4eef-83ca-b6364e8212ae] received
[2026-04-26 18:58:53,979: INFO/ForkPoolWorker-3] Task cpu_intensive[7b2a96ce-75ad-4116-8d59-a010e066dfae] succeeded in 1.7504241980059305s: 333333283333335000000
[2026-04-26 18:58:53,980: INFO/MainProcess] Task cpu_intensive[19e351f1-5b60-4836-bc2b-238cecf243b6] received
[2026-04-26 18:58:54,346: INFO/ForkPoolWorker-5] Task memory_intensive[1c6a1691-482c-40b2-bd5c-c811be0e2432] succeeded in 1.7707435629999964s: 'Memory wave: released'
[2026-04-26 18:58:54,351: INFO/MainProcess] Task cpu_intensive[9f9993d9-547f-411c-bdc6-f2583b9dad25] received
[2026-04-26 18:58:54,589: INFO/ForkPoolWorker-1] Task cpu_intensive[87929dd7-1064-41e7-813e-6c8b9bf24ca5] succeeded in 1.9639216899959138s: 333333283333335000000
[2026-04-26 18:58:54,591: INFO/MainProcess] Task memory_intensive[46f7f11f-d8ac-4325-aa35-276bf20a87d5] received
[2026-04-26 18:58:54,910: INFO/ForkPoolWorker-7] Task cpu_intensive[c707c6fe-c106-4e72-a4df-f1ae36dbdded] succeeded in 1.9529929049895145s: 333333283333335000000
[2026-04-26 18:58:54,911: INFO/MainProcess] Task cpu_intensive[9cbfd8ad-812e-488b-a3f9-bf0c0bc6ab04] received
[2026-04-26 18:58:54,939: INFO/ForkPoolWorker-8] Task memory_intensive[373c9500-7343-46f2-9ef2-3d74e563a8bf] succeeded in 1.7238967689918354s: 'Memory wave: released'
[2026-04-26 18:58:54,940: INFO/MainProcess] Task cpu_intensive[b4697c05-18e9-4ff6-a21f-48ddc3931945] received
[2026-04-26 18:58:55,362: INFO/ForkPoolWorker-2] Task cpu_intensive[babc7970-60d1-4822-ae04-b5d351c9845e] succeeded in 1.6988939699949697s: 333333283333335000000
[2026-04-26 18:58:55,363: INFO/MainProcess] Task memory_intensive[cafa8a01-028c-4f29-b8c3-958d36f17333] received
[2026-04-26 18:58:55,633: INFO/ForkPoolWorker-4] Task memory_intensive[6e53405c-5b04-4eef-83ca-b6364e8212ae] succeeded in 1.764343299990287s: 'Memory wave: released'
[2026-04-26 18:58:55,634: INFO/MainProcess] Task cpu_intensive[abf8730e-86c5-4d9f-ae09-6a8f189e65dd] received
[2026-04-26 18:58:55,668: INFO/ForkPoolWorker-6] Task cpu_intensive[a7cbb2da-f888-42e2-aad1-62a0fa6594be] succeeded in 2.0008854210027494s: 333333283333335000000
[2026-04-26 18:58:55,669: INFO/MainProcess] Task cpu_intensive[f907c00f-39b8-4c57-b61b-2ef3e48a7503] received
[2026-04-26 18:58:55,793: INFO/ForkPoolWorker-3] Task cpu_intensive[19e351f1-5b60-4836-bc2b-238cecf243b6] succeeded in 1.8120019509951817s: 333333283333335000000
[2026-04-26 18:58:55,795: INFO/MainProcess] Task memory_intensive[25197704-5ac9-4102-b82b-b4f8b6a72bb9] received
[2026-04-26 18:58:56,031: INFO/ForkPoolWorker-5] Task cpu_intensive[9f9993d9-547f-411c-bdc6-f2583b9dad25] succeeded in 1.677404674992431s: 333333283333335000000
[2026-04-26 18:58:56,032: INFO/MainProcess] Task cpu_intensive[402f5af2-d02a-41e0-9c6a-becc3efe54dd] received
[2026-04-26 18:58:56,347: INFO/ForkPoolWorker-1] Task memory_intensive[46f7f11f-d8ac-4325-aa35-276bf20a87d5] succeeded in 1.755573395988904s: 'Memory wave: released'
[2026-04-26 18:58:56,351: INFO/MainProcess] Task cpu_intensive[291637cb-934f-4c4d-a710-b0624af35d2f] received
[2026-04-26 18:58:56,656: INFO/ForkPoolWorker-7] Task cpu_intensive[9cbfd8ad-812e-488b-a3f9-bf0c0bc6ab04] succeeded in 1.74441085899889s: 333333283333335000000
[2026-04-26 18:58:56,658: INFO/MainProcess] Task memory_intensive[2c6ccdb7-63d3-4d94-8eda-9fd806d25dcd] received
[2026-04-26 18:58:56,670: INFO/ForkPoolWorker-8] Task cpu_intensive[b4697c05-18e9-4ff6-a21f-48ddc3931945] succeeded in 1.729220734006958s: 333333283333335000000
[2026-04-26 18:58:56,672: INFO/MainProcess] Task cpu_intensive[f26aa0d6-3535-42db-b5cb-dfa791f1b919] received
[2026-04-26 18:58:57,138: INFO/ForkPoolWorker-2] Task memory_intensive[cafa8a01-028c-4f29-b8c3-958d36f17333] succeeded in 1.7652654059929773s: 'Memory wave: released'
[2026-04-26 18:58:57,142: INFO/MainProcess] Task cpu_intensive[5ea0420b-6825-45fa-be94-191601e8b7c7] received
[2026-04-26 18:58:57,421: INFO/ForkPoolWorker-4] Task cpu_intensive[abf8730e-86c5-4d9f-ae09-6a8f189e65dd] succeeded in 1.7860280470049474s: 333333283333335000000
[2026-04-26 18:58:57,423: INFO/MainProcess] Task memory_intensive[452fbc54-42e3-4c1b-be62-fed1486fbdc8] received
[2026-04-26 18:58:57,560: INFO/ForkPoolWorker-3] Task memory_intensive[25197704-5ac9-4102-b82b-b4f8b6a72bb9] succeeded in 1.7652090949995909s: 'Memory wave: released'
[2026-04-26 18:58:57,564: INFO/MainProcess] Task cpu_intensive[6a382b4e-1785-4ea2-8f01-109a28b101e1] received
[2026-04-26 18:58:57,612: INFO/ForkPoolWorker-6] Task cpu_intensive[f907c00f-39b8-4c57-b61b-2ef3e48a7503] succeeded in 1.9419834140135208s: 333333283333335000000
[2026-04-26 18:58:57,612: INFO/MainProcess] Task cpu_intensive[65ff9f47-1f79-4a25-a3ba-48a17716de9d] received
[2026-04-26 18:58:58,108: INFO/ForkPoolWorker-1] Task cpu_intensive[291637cb-934f-4c4d-a710-b0624af35d2f] succeeded in 1.7526730789977591s: 333333283333335000000
[2026-04-26 18:58:58,109: INFO/MainProcess] Task memory_intensive[b3a0b572-12b3-4e2d-ba9b-4f884157f1a1] received
[2026-04-26 18:58:58,128: INFO/ForkPoolWorker-5] Task cpu_intensive[402f5af2-d02a-41e0-9c6a-becc3efe54dd] succeeded in 2.095796212001005s: 333333283333335000000
[2026-04-26 18:58:58,130: INFO/MainProcess] Task cpu_intensive[22cec3a3-b5e1-4799-8221-883b405a1d22] received
[2026-04-26 18:58:58,457: INFO/ForkPoolWorker-7] Task memory_intensive[2c6ccdb7-63d3-4d94-8eda-9fd806d25dcd] succeeded in 1.7992295709991595s: 'Memory wave: released'
[2026-04-26 18:58:58,459: INFO/MainProcess] Task cpu_intensive[60147eb9-479e-41a3-be94-c796f9e7142f] received
[2026-04-26 18:58:58,914: INFO/ForkPoolWorker-8] Task cpu_intensive[f26aa0d6-3535-42db-b5cb-dfa791f1b919] succeeded in 2.2416476579965092s: 333333283333335000000
[2026-04-26 18:58:58,915: INFO/MainProcess] Task memory_intensive[f0d41c94-3314-46a8-8ed8-06c2ef0ae036] received
[2026-04-26 18:58:59,077: INFO/ForkPoolWorker-2] Task cpu_intensive[5ea0420b-6825-45fa-be94-191601e8b7c7] succeeded in 1.9316078510018997s: 333333283333335000000
[2026-04-26 18:58:59,078: INFO/MainProcess] Task cpu_intensive[f213f0b6-70e4-410b-a266-96efd5ef018a] received
[2026-04-26 18:58:59,162: INFO/ForkPoolWorker-4] Task memory_intensive[452fbc54-42e3-4c1b-be62-fed1486fbdc8] succeeded in 1.7394455530011328s: 'Memory wave: released'
[2026-04-26 18:58:59,164: INFO/MainProcess] Task cpu_intensive[12b8b22a-259d-4bad-bd93-04321adb2c47] received
[2026-04-26 18:58:59,384: INFO/ForkPoolWorker-3] Task cpu_intensive[6a382b4e-1785-4ea2-8f01-109a28b101e1] succeeded in 1.8190672950004227s: 333333283333335000000
[2026-04-26 18:58:59,386: INFO/MainProcess] Task memory_intensive[377ca701-c2ff-4cb3-913d-fd5f8fa1bf90] received
[2026-04-26 18:58:59,442: INFO/ForkPoolWorker-6] Task cpu_intensive[65ff9f47-1f79-4a25-a3ba-48a17716de9d] succeeded in 1.8293522050080355s: 333333283333335000000
[2026-04-26 18:58:59,444: INFO/MainProcess] Task cpu_intensive[abe21b80-f401-4e21-b953-b9931afbefeb] received
[2026-04-26 18:58:59,889: INFO/ForkPoolWorker-1] Task memory_intensive[b3a0b572-12b3-4e2d-ba9b-4f884157f1a1] succeeded in 1.7787506869935896s: 'Memory wave: released'
[2026-04-26 18:58:59,890: INFO/MainProcess] Task cpu_intensive[9e25e4db-72b7-4480-8fa2-b7d22977d323] received
[2026-04-26 18:59:00,020: INFO/ForkPoolWorker-5] Task cpu_intensive[22cec3a3-b5e1-4799-8221-883b405a1d22] succeeded in 1.8902407579880673s: 333333283333335000000
[2026-04-26 18:59:00,022: INFO/MainProcess] Task memory_intensive[28079dce-c6fd-4ae7-b080-7ecd304a83f2] received
[2026-04-26 18:59:00,451: INFO/ForkPoolWorker-7] Task cpu_intensive[60147eb9-479e-41a3-be94-c796f9e7142f] succeeded in 1.9922387230035383s: 333333283333335000000
[2026-04-26 18:59:00,465: INFO/MainProcess] Task cpu_intensive[6165b24e-e634-4615-973b-38b4f1cfd1c6] received
[2026-04-26 18:59:00,639: INFO/ForkPoolWorker-8] Task memory_intensive[f0d41c94-3314-46a8-8ed8-06c2ef0ae036] succeeded in 1.7236211489944253s: 'Memory wave: released'
[2026-04-26 18:59:00,640: INFO/MainProcess] Task cpu_intensive[edd5e717-9eda-4783-bb1a-018a39dea764] received
[2026-04-26 18:59:00,851: INFO/ForkPoolWorker-2] Task cpu_intensive[f213f0b6-70e4-410b-a266-96efd5ef018a] succeeded in 1.7717194369906792s: 333333283333335000000
[2026-04-26 18:59:00,852: INFO/MainProcess] Task memory_intensive[93336635-b25a-4624-85d3-05163ecca204] received
[2026-04-26 18:59:01,148: INFO/ForkPoolWorker-3] Task memory_intensive[377ca701-c2ff-4cb3-913d-fd5f8fa1bf90] succeeded in 1.7622119019943057s: 'Memory wave: released'
[2026-04-26 18:59:01,149: INFO/MainProcess] Task cpu_intensive[fb7ad612-3826-433c-bd82-5ca51a2db022] received
[2026-04-26 18:59:01,182: INFO/ForkPoolWorker-4] Task cpu_intensive[12b8b22a-259d-4bad-bd93-04321adb2c47] succeeded in 2.0183200030005537s: 333333283333335000000
[2026-04-26 18:59:01,184: INFO/MainProcess] Task cpu_intensive[ca46f917-50bc-4793-aec7-475d143418de] received
[2026-04-26 18:59:01,336: INFO/ForkPoolWorker-6] Task cpu_intensive[abe21b80-f401-4e21-b953-b9931afbefeb] succeeded in 1.8918688059929991s: 333333283333335000000
[2026-04-26 18:59:01,338: INFO/MainProcess] Task memory_intensive[2f285d03-7e6b-4ad9-a52e-7c25e8ce4232] received
[2026-04-26 18:59:01,794: INFO/ForkPoolWorker-5] Task memory_intensive[28079dce-c6fd-4ae7-b080-7ecd304a83f2] succeeded in 1.7717480290011736s: 'Memory wave: released'
[2026-04-26 18:59:01,799: INFO/MainProcess] Task cpu_intensive[76498b95-2e5a-46bd-99cd-4eb6b2297def] received
[2026-04-26 18:59:01,826: INFO/ForkPoolWorker-1] Task cpu_intensive[9e25e4db-72b7-4480-8fa2-b7d22977d323] succeeded in 1.9329741410037968s: 333333283333335000000
[2026-04-26 18:59:01,828: INFO/MainProcess] Task cpu_intensive[6b10c658-8f42-4347-ad8d-68da0a1ae22c] received
[2026-04-26 18:59:02,438: INFO/ForkPoolWorker-8] Task cpu_intensive[edd5e717-9eda-4783-bb1a-018a39dea764] succeeded in 1.7974727149994578s: 333333283333335000000
[2026-04-26 18:59:02,439: INFO/MainProcess] Task memory_intensive[b73f8fb2-1c21-4611-9f87-cbcf667c9af6] received
[2026-04-26 18:59:02,476: INFO/ForkPoolWorker-7] Task cpu_intensive[6165b24e-e634-4615-973b-38b4f1cfd1c6] succeeded in 2.010740280005848s: 333333283333335000000
[2026-04-26 18:59:02,480: INFO/MainProcess] Task cpu_intensive[8a290234-2d84-4b93-bf23-b1c7732bca91] received
[2026-04-26 18:59:02,590: INFO/ForkPoolWorker-2] Task memory_intensive[93336635-b25a-4624-85d3-05163ecca204] succeeded in 1.7374272419983754s: 'Memory wave: released'
[2026-04-26 18:59:02,592: INFO/MainProcess] Task cpu_intensive[a9fa320a-8f7a-4e5c-ad66-857d9421178e] received
[2026-04-26 18:59:02,947: INFO/ForkPoolWorker-3] Task cpu_intensive[fb7ad612-3826-433c-bd82-5ca51a2db022] succeeded in 1.7952090409962693s: 333333283333335000000
[2026-04-26 18:59:02,949: INFO/MainProcess] Task memory_intensive[b78333f1-83c9-4266-98b4-c89e91cc4b7c] received
[2026-04-26 18:59:03,104: INFO/ForkPoolWorker-6] Task memory_intensive[2f285d03-7e6b-4ad9-a52e-7c25e8ce4232] succeeded in 1.7660649589961395s: 'Memory wave: released'
[2026-04-26 18:59:03,106: INFO/MainProcess] Task cpu_intensive[98d39cd9-4e74-4941-915f-0d7d4aa0bac0] received
[2026-04-26 18:59:03,111: INFO/ForkPoolWorker-4] Task cpu_intensive[ca46f917-50bc-4793-aec7-475d143418de] succeeded in 1.926161333991331s: 333333283333335000000
[2026-04-26 18:59:03,111: INFO/MainProcess] Task cpu_intensive[b40f0f89-a264-452f-b7b3-a6157c665022] received
[2026-04-26 18:59:03,569: INFO/ForkPoolWorker-1] Task cpu_intensive[6b10c658-8f42-4347-ad8d-68da0a1ae22c] succeeded in 1.7404290629929164s: 333333283333335000000
[2026-04-26 18:59:03,570: INFO/MainProcess] Task memory_intensive[f0bf70fc-23f8-4010-953a-48e99c196ea3] received
[2026-04-26 18:59:03,915: INFO/ForkPoolWorker-5] Task cpu_intensive[76498b95-2e5a-46bd-99cd-4eb6b2297def] succeeded in 2.1150443039950915s: 333333283333335000000
[2026-04-26 18:59:03,916: INFO/MainProcess] Task cpu_intensive[1fc3c1e8-c22d-4caa-93f7-681ffd07d293] received
[2026-04-26 18:59:04,189: INFO/ForkPoolWorker-8] Task memory_intensive[b73f8fb2-1c21-4611-9f87-cbcf667c9af6] succeeded in 1.7492295029951492s: 'Memory wave: released'
[2026-04-26 18:59:04,191: INFO/MainProcess] Task cpu_intensive[4e31daec-4677-42ee-a7fa-bedd207e7c6a] received
[2026-04-26 18:59:04,406: INFO/ForkPoolWorker-2] Task cpu_intensive[a9fa320a-8f7a-4e5c-ad66-857d9421178e] succeeded in 1.8137581219925778s: 333333283333335000000
[2026-04-26 18:59:04,407: INFO/MainProcess] Task memory_intensive[aad290d7-eeed-465c-9db5-1c0eb2565ef2] received
[2026-04-26 18:59:04,511: INFO/ForkPoolWorker-7] Task cpu_intensive[8a290234-2d84-4b93-bf23-b1c7732bca91] succeeded in 2.030916457006242s: 333333283333335000000
[2026-04-26 18:59:04,515: INFO/MainProcess] Task cpu_intensive[41c3bb33-194b-4571-aad1-e7c4757b7b28] received
[2026-04-26 18:59:04,721: INFO/ForkPoolWorker-3] Task memory_intensive[b78333f1-83c9-4266-98b4-c89e91cc4b7c] succeeded in 1.7721918079914758s: 'Memory wave: released'
[2026-04-26 18:59:04,725: INFO/MainProcess] Task cpu_intensive[b45a0e76-f0e1-4c4c-a683-3b815eeeeaaa] received
[2026-04-26 18:59:04,855: INFO/ForkPoolWorker-4] Task cpu_intensive[b40f0f89-a264-452f-b7b3-a6157c665022] succeeded in 1.7436709110043012s: 333333283333335000000
[2026-04-26 18:59:04,857: INFO/MainProcess] Task memory_intensive[a4020c92-53fe-427d-9a03-435e9f725512] received
[2026-04-26 18:59:04,941: INFO/ForkPoolWorker-6] Task cpu_intensive[98d39cd9-4e74-4941-915f-0d7d4aa0bac0] succeeded in 1.8353669310017722s: 333333283333335000000
[2026-04-26 18:59:04,943: INFO/MainProcess] Task cpu_intensive[add51047-50c3-44b3-8f07-ab96e0643911] received
[2026-04-26 18:59:05,328: INFO/ForkPoolWorker-1] Task memory_intensive[f0bf70fc-23f8-4010-953a-48e99c196ea3] succeeded in 1.7568809109943686s: 'Memory wave: released'
[2026-04-26 18:59:05,329: INFO/MainProcess] Task cpu_intensive[bab64f10-b911-4168-ab59-c0560263f58e] received
[2026-04-26 18:59:05,728: INFO/ForkPoolWorker-5] Task cpu_intensive[1fc3c1e8-c22d-4caa-93f7-681ffd07d293] succeeded in 1.8112966240005335s: 333333283333335000000
[2026-04-26 18:59:05,729: INFO/MainProcess] Task memory_intensive[8dc72449-bfc6-4c5a-ba04-993c56b447f1] received
[2026-04-26 18:59:06,099: INFO/ForkPoolWorker-8] Task cpu_intensive[4e31daec-4677-42ee-a7fa-bedd207e7c6a] succeeded in 1.907707874008338s: 333333283333335000000
[2026-04-26 18:59:06,100: INFO/MainProcess] Task cpu_intensive[46bcc0af-096f-474a-b730-e865b4518942] received
[2026-04-26 18:59:06,138: INFO/ForkPoolWorker-2] Task memory_intensive[aad290d7-eeed-465c-9db5-1c0eb2565ef2] succeeded in 1.730657512001926s: 'Memory wave: released'
[2026-04-26 18:59:06,140: INFO/MainProcess] Task cpu_intensive[5403c60f-e918-4449-83d2-08216484e49b] received
[2026-04-26 18:59:06,271: INFO/ForkPoolWorker-7] Task cpu_intensive[41c3bb33-194b-4571-aad1-e7c4757b7b28] succeeded in 1.754838542008656s: 333333283333335000000
[2026-04-26 18:59:06,272: INFO/MainProcess] Task memory_intensive[4dae4716-3bc5-4e57-8425-0c1bc385f3dc] received
[2026-04-26 18:59:06,493: INFO/ForkPoolWorker-3] Task cpu_intensive[b45a0e76-f0e1-4c4c-a683-3b815eeeeaaa] succeeded in 1.7669929879921256s: 333333283333335000000
[2026-04-26 18:59:06,494: INFO/MainProcess] Task cpu_intensive[8ef38d79-6dcf-47cb-b4dd-903584a3463d] received
[2026-04-26 18:59:06,622: INFO/ForkPoolWorker-4] Task memory_intensive[a4020c92-53fe-427d-9a03-435e9f725512] succeeded in 1.7644459180010017s: 'Memory wave: released'
[2026-04-26 18:59:06,623: INFO/MainProcess] Task cpu_intensive[edb1dbf1-09ce-4fe6-9851-fab8c1850093] received
[2026-04-26 18:59:06,749: INFO/ForkPoolWorker-6] Task cpu_intensive[add51047-50c3-44b3-8f07-ab96e0643911] succeeded in 1.8030263409891631s: 333333283333335000000
[2026-04-26 18:59:06,751: INFO/MainProcess] Task memory_intensive[b5976fe3-6ea2-4121-8131-ee724c15a5e5] received
[2026-04-26 18:59:07,198: INFO/ForkPoolWorker-1] Task cpu_intensive[bab64f10-b911-4168-ab59-c0560263f58e] succeeded in 1.865626319005969s: 333333283333335000000
[2026-04-26 18:59:07,199: INFO/MainProcess] Task cpu_intensive[fce51f5f-f1fb-49f8-bc4e-9143da2bc275] received
[2026-04-26 18:59:07,440: INFO/ForkPoolWorker-5] Task memory_intensive[8dc72449-bfc6-4c5a-ba04-993c56b447f1] succeeded in 1.710607731991331s: 'Memory wave: released'
[2026-04-26 18:59:07,442: INFO/MainProcess] Task cpu_intensive[6c0303be-2aa2-446c-9fb8-6da3b02ede38] received
[2026-04-26 18:59:07,854: INFO/ForkPoolWorker-2] Task cpu_intensive[5403c60f-e918-4449-83d2-08216484e49b] succeeded in 1.7142384150065482s: 333333283333335000000
[2026-04-26 18:59:07,856: INFO/MainProcess] Task memory_intensive[61906f4a-812d-482d-ae18-a5a3413d4351] received
[2026-04-26 18:59:07,959: INFO/ForkPoolWorker-8] Task cpu_intensive[46bcc0af-096f-474a-b730-e865b4518942] succeeded in 1.8584952770033851s: 333333283333335000000
[2026-04-26 18:59:07,963: INFO/MainProcess] Task cpu_intensive[3b14cd73-ec08-4947-9bb2-630ea9ca9a2c] received
[2026-04-26 18:59:08,044: INFO/ForkPoolWorker-7] Task memory_intensive[4dae4716-3bc5-4e57-8425-0c1bc385f3dc] succeeded in 1.7712726469908375s: 'Memory wave: released'
[2026-04-26 18:59:08,046: INFO/MainProcess] Task cpu_intensive[bf5ab472-9768-44ec-b3a2-b863ef20ab77] received
[2026-04-26 18:59:08,311: INFO/ForkPoolWorker-3] Task cpu_intensive[8ef38d79-6dcf-47cb-b4dd-903584a3463d] succeeded in 1.816994198001339s: 333333283333335000000
[2026-04-26 18:59:08,313: INFO/MainProcess] Task memory_intensive[4dea69fb-656c-40b1-8729-d742cdf7647c] received
[2026-04-26 18:59:08,505: INFO/ForkPoolWorker-6] Task memory_intensive[b5976fe3-6ea2-4121-8131-ee724c15a5e5] succeeded in 1.7530203740025172s: 'Memory wave: released'
[2026-04-26 18:59:08,506: INFO/MainProcess] Task cpu_intensive[93937bac-13ed-43b7-9156-7a5d66dfa142] received
[2026-04-26 18:59:08,885: INFO/ForkPoolWorker-4] Task cpu_intensive[edb1dbf1-09ce-4fe6-9851-fab8c1850093] succeeded in 2.2613329809973948s: 333333283333335000000
[2026-04-26 18:59:08,886: INFO/MainProcess] Task cpu_intensive[4d2f1983-4363-4cbc-9b30-57d4e71df2b9] received
[2026-04-26 18:59:09,150: INFO/ForkPoolWorker-1] Task cpu_intensive[fce51f5f-f1fb-49f8-bc4e-9143da2bc275] succeeded in 1.9502993500063894s: 333333283333335000000
[2026-04-26 18:59:09,152: INFO/MainProcess] Task memory_intensive[59f94504-a921-43ef-9bfc-4d88dc21410d] received
[2026-04-26 18:59:09,268: INFO/ForkPoolWorker-5] Task cpu_intensive[6c0303be-2aa2-446c-9fb8-6da3b02ede38] succeeded in 1.8263946140068583s: 333333283333335000000
[2026-04-26 18:59:09,270: INFO/MainProcess] Task cpu_intensive[55d49e8d-7b65-46dd-abbd-58781ba4cf03] received
[2026-04-26 18:59:09,664: INFO/ForkPoolWorker-2] Task memory_intensive[61906f4a-812d-482d-ae18-a5a3413d4351] succeeded in 1.8072019479877781s: 'Memory wave: released'
[2026-04-26 18:59:09,665: INFO/MainProcess] Task cpu_intensive[ebd3b892-7a8a-4411-9922-a573559bad70] received
[2026-04-26 18:59:09,867: INFO/ForkPoolWorker-8] Task cpu_intensive[3b14cd73-ec08-4947-9bb2-630ea9ca9a2c] succeeded in 1.9036012529977597s: 333333283333335000000
[2026-04-26 18:59:09,869: INFO/MainProcess] Task memory_intensive[0357defa-0ef1-410f-8388-26e7304c41a1] received
[2026-04-26 18:59:10,010: INFO/ForkPoolWorker-7] Task cpu_intensive[bf5ab472-9768-44ec-b3a2-b863ef20ab77] succeeded in 1.9602667290018871s: 333333283333335000000
[2026-04-26 18:59:10,014: INFO/MainProcess] Task cpu_intensive[83105f5e-eabc-4fa7-b00f-708050e64925] received
[2026-04-26 18:59:10,064: INFO/ForkPoolWorker-3] Task memory_intensive[4dea69fb-656c-40b1-8729-d742cdf7647c] succeeded in 1.7507871090056142s: 'Memory wave: released'
[2026-04-26 18:59:10,066: INFO/MainProcess] Task cpu_intensive[11ba23a8-9388-4a92-80ec-df0d85b24bc3] received
[2026-04-26 18:59:10,513: INFO/ForkPoolWorker-6] Task cpu_intensive[93937bac-13ed-43b7-9156-7a5d66dfa142] succeeded in 2.004057608995936s: 333333283333335000000
[2026-04-26 18:59:10,515: INFO/MainProcess] Task memory_intensive[2bd42ae5-2941-4801-8028-276dec44b357] received
[2026-04-26 18:59:10,860: INFO/ForkPoolWorker-4] Task cpu_intensive[4d2f1983-4363-4cbc-9b30-57d4e71df2b9] succeeded in 1.9736401999980444s: 333333283333335000000
[2026-04-26 18:59:10,862: INFO/MainProcess] Task cpu_intensive[f7339b67-6b80-4501-98d1-48e853e0c7e1] received
[2026-04-26 18:59:10,899: INFO/ForkPoolWorker-1] Task memory_intensive[59f94504-a921-43ef-9bfc-4d88dc21410d] succeeded in 1.747291096005938s: 'Memory wave: released'
[2026-04-26 18:59:10,902: INFO/MainProcess] Task cpu_intensive[b8a602e1-3192-4544-99de-2e858a43f4f9] received
[2026-04-26 18:59:11,342: INFO/ForkPoolWorker-5] Task cpu_intensive[55d49e8d-7b65-46dd-abbd-58781ba4cf03] succeeded in 2.070139637988177s: 333333283333335000000
[2026-04-26 18:59:11,343: INFO/MainProcess] Task memory_intensive[9d62bd89-4790-4a40-ac23-3eda3ce158fd] received
[2026-04-26 18:59:11,576: INFO/ForkPoolWorker-2] Task cpu_intensive[ebd3b892-7a8a-4411-9922-a573559bad70] succeeded in 1.904488631989807s: 333333283333335000000
[2026-04-26 18:59:11,580: INFO/MainProcess] Task cpu_intensive[012c7f79-26f1-424d-ab1b-50d42b302838] received
[2026-04-26 18:59:11,625: INFO/ForkPoolWorker-8] Task memory_intensive[0357defa-0ef1-410f-8388-26e7304c41a1] succeeded in 1.7553301300067687s: 'Memory wave: released'
[2026-04-26 18:59:11,626: INFO/MainProcess] Task cpu_intensive[6671e8f8-1bcd-42f7-be04-e2d0138c19ca] received
[2026-04-26 18:59:11,826: INFO/ForkPoolWorker-3] Task cpu_intensive[11ba23a8-9388-4a92-80ec-df0d85b24bc3] succeeded in 1.757208606999484s: 333333283333335000000
[2026-04-26 18:59:11,838: INFO/MainProcess] Task memory_intensive[95b0a1f9-728b-4bab-b8b5-524b43227b64] received
[2026-04-26 18:59:11,873: INFO/ForkPoolWorker-7] Task cpu_intensive[83105f5e-eabc-4fa7-b00f-708050e64925] succeeded in 1.8584969899966381s: 333333283333335000000
[2026-04-26 18:59:11,874: INFO/MainProcess] Task cpu_intensive[d5e6b2f9-a073-4146-83ad-b09926d5d235] received
[2026-04-26 18:59:12,272: INFO/ForkPoolWorker-6] Task memory_intensive[2bd42ae5-2941-4801-8028-276dec44b357] succeeded in 1.7568807609932264s: 'Memory wave: released'
[2026-04-26 18:59:12,274: INFO/MainProcess] Task cpu_intensive[e0115d32-8615-456b-9168-b85723034190] received
